translation_unit (
  global_decl (
    struct_decl (
      struct
      Buffer
      struct_body_decl (
        {
        struct_member (
          variable_ident_decl (
            data
            :
            type_decl (
              type_decl_without_ident (
                array_type_decl (
                  array
                  <
                  type_decl (
                    type_decl_without_ident (
                      u32
                    )
                  )
                  >
                )
              )
            )
          )
        )
        ;
        }
      )
      ;
    )
  )
  global_decl (
    global_variable_decl (
      attribute (
        [
        [
        group
        (
        literal_or_ident (
          0
        )
        )
        ,
        binding
        (
        literal_or_ident (
          0
        )
        )
        ]
        ]
      )
      variable_decl (
        var
        variable_qualifier (
          <
          address_space (
            storage
          )
          ,
          access_mode (
            read_write
          )
          >
        )
        variable_ident_decl (
          output
          :
          type_decl (
            Buffer
          )
        )
      )
    )
    ;
  )
  global_decl (
    function_decl (
      attribute (
        [
        [
        stage
        (
        literal_or_ident (
          compute
        )
        )
        ,
        workgroup_size
        (
        literal_or_ident (
          1
        )
        )
        ]
        ]
      )
      function_header (
        fn
        main
        (
        )
      )
      compound_statement (
        {
        statement (
          compound_statement (
            {
            statement (
              variable_statement (
                variable_decl (
                  var
                  var_0
                )
                =
                expression (
                  relational_expression (
                    shift_expression (
                      additive_expression (
                        multiplicative_expression (
                          unary_expression (
                            singular_expression (
                              primary_expression (
                                const_literal (
                                  int_literal (
                                    2877481056u
                                  )
                                )
                              )
                            )
                          )
                        )
                      )
                    )
                  )
                )
              )
              ;
            )
            }
          )
        )
        statement (
          variable_statement (
            let
            var_0
            =
            expression (
              relational_expression (
                shift_expression (
                  additive_expression (
                    multiplicative_expression (
                      unary_expression (
                        singular_expression (
                          primary_expression (
                            callable_val (
                              type_decl_without_ident (
                                vec_prefix (
                                  vec2
                                )
                                <
                                type_decl (
                                  type_decl_without_ident (
                                    i32
                                  )
                                )
                                >
                              )
                            )
                            argument_expression_list (
                              (
                              expression (
                                relational_expression (
                                  shift_expression (
                                    additive_expression (
                                      multiplicative_expression (
                                        unary_expression (
                                          -
                                          unary_expression (
                                            singular_expression (
                                              primary_expression (
                                                (
                                                expression (
                                                  relational_expression (
                                                    shift_expression (
                                                      additive_expression (
                                                        multiplicative_expression (
                                                          unary_expression (
                                                            singular_expression (
                                                              primary_expression (
                                                                const_literal (
                                                                  int_literal (
                                                                    1438992099
                                                                  )
                                                                )
                                                              )
                                                            )
                                                          )
                                                        )
                                                      )
                                                    )
                                                  )
                                                )
                                                )
                                              )
                                            )
                                          )
                                        )
                                      )
                                    )
                                  )
                                )
                              )
                              ,
                              expression (
                                relational_expression (
                                  shift_expression (
                                    additive_expression (
                                      multiplicative_expression (
                                        unary_expression (
                                          ~
                                          unary_expression (
                                            singular_expression (
                                              primary_expression (
                                                (
                                                expression (
                                                  relational_expression (
                                                    shift_expression (
                                                      additive_expression (
                                                        multiplicative_expression (
                                                          unary_expression (
                                                            -
                                                            unary_expression (
                                                              singular_expression (
                                                                primary_expression (
                                                                  (
                                                                  expression (
                                                                    relational_expression (
                                                                      shift_expression (
                                                                        additive_expression (
                                                                          multiplicative_expression (
                                                                            multiplicative_expression (
                                                                              unary_expression (
                                                                                singular_expression (
                                                                                  primary_expression (
                                                                                    (
                                                                                    expression (
                                                                                      relational_expression (
                                                                                        shift_expression (
                                                                                          additive_expression (
                                                                                            multiplicative_expression (
                                                                                              unary_expression (
                                                                                                singular_expression (
                                                                                                  primary_expression (
                                                                                                    const_literal (
                                                                                                      int_literal (
                                                                                                        1930906661
                                                                                                      )
                                                                                                    )
                                                                                                  )
                                                                                                )
                                                                                              )
                                                                                            )
                                                                                          )
                                                                                        )
                                                                                      )
                                                                                    )
                                                                                    )
                                                                                  )
                                                                                )
                                                                              )
                                                                            )
                                                                            /
                                                                            unary_expression (
                                                                              singular_expression (
                                                                                primary_expression (
                                                                                  (
                                                                                  expression (
                                                                                    relational_expression (
                                                                                      shift_expression (
                                                                                        additive_expression (
                                                                                          multiplicative_expression (
                                                                                            unary_expression (
                                                                                              -
                                                                                              unary_expression (
                                                                                                singular_expression (
                                                                                                  primary_expression (
                                                                                                    (
                                                                                                    expression (
                                                                                                      relational_expression (
                                                                                                        shift_expression (
                                                                                                          additive_expression (
                                                                                                            multiplicative_expression (
                                                                                                              unary_expression (
                                                                                                                ~
                                                                                                                unary_expression (
                                                                                                                  singular_expression (
                                                                                                                    primary_expression (
                                                                                                                      (
                                                                                                                      expression (
                                                                                                                        relational_expression (
                                                                                                                          shift_expression (
                                                                                                                            additive_expression (
                                                                                                                              multiplicative_expression (
                                                                                                                                unary_expression (
                                                                                                                                  -
                                                                                                                                  unary_expression (
                                                                                                                                    singular_expression (
                                                                                                                                      primary_expression (
                                                                                                                                        const_literal (
                                                                                                                                          int_literal (
                                                                                                                                            1891348788
                                                                                                                                          )
                                                                                                                                        )
                                                                                                                                      )
                                                                                                                                    )
                                                                                                                                  )
                                                                                                                                )
                                                                                                                              )
                                                                                                                            )
                                                                                                                          )
                                                                                                                        )
                                                                                                                      )
                                                                                                                      )
                                                                                                                    )
                                                                                                                  )
                                                                                                                )
                                                                                                              )
                                                                                                            )
                                                                                                          )
                                                                                                        )
                                                                                                      )
                                                                                                    )
                                                                                                    )
                                                                                                  )
                                                                                                )
                                                                                              )
                                                                                            )
                                                                                          )
                                                                                        )
                                                                                      )
                                                                                    )
                                                                                  )
                                                                                  )
                                                                                )
                                                                              )
                                                                            )
                                                                          )
                                                                        )
                                                                      )
                                                                    )
                                                                  )
                                                                  )
                                                                )
                                                              )
                                                            )
                                                          )
                                                        )
                                                      )
                                                    )
                                                  )
                                                )
                                                )
                                              )
                                            )
                                          )
                                        )
                                      )
                                    )
                                  )
                                )
                              )
                              )
                            )
                          )
                        )
                      )
                    )
                  )
                )
              )
            )
          )
          ;
        )
        statement (
          variable_statement (
            let
            var_1
            =
            expression (
              relational_expression (
                shift_expression (
                  additive_expression (
                    multiplicative_expression (
                      unary_expression (
                        singular_expression (
                          primary_expression (
                            callable_val (
                              type_decl_without_ident (
                                vec_prefix (
                                  vec2
                                )
                                <
                                type_decl (
                                  type_decl_without_ident (
                                    i32
                                  )
                                )
                                >
                              )
                            )
                            argument_expression_list (
                              (
                              expression (
                                relational_expression (
                                  shift_expression (
                                    additive_expression (
                                      multiplicative_expression (
                                        unary_expression (
                                          -
                                          unary_expression (
                                            singular_expression (
                                              primary_expression (
                                                const_literal (
                                                  int_literal (
                                                    1562281905
                                                  )
                                                )
                                              )
                                            )
                                          )
                                        )
                                      )
                                    )
                                  )
                                )
                              )
                              ,
                              expression (
                                relational_expression (
                                  shift_expression (
                                    additive_expression (
                                      multiplicative_expression (
                                        unary_expression (
                                          ~
                                          unary_expression (
                                            singular_expression (
                                              primary_expression (
                                                (
                                                expression (
                                                  relational_expression (
                                                    shift_expression (
                                                      additive_expression (
                                                        multiplicative_expression (
                                                          unary_expression (
                                                            ~
                                                            unary_expression (
                                                              singular_expression (
                                                                primary_expression (
                                                                  (
                                                                  expression (
                                                                    relational_expression (
                                                                      shift_expression (
                                                                        additive_expression (
                                                                          multiplicative_expression (
                                                                            unary_expression (
                                                                              -
                                                                              unary_expression (
                                                                                singular_expression (
                                                                                  primary_expression (
                                                                                    const_literal (
                                                                                      int_literal (
                                                                                        398497245
                                                                                      )
                                                                                    )
                                                                                  )
                                                                                )
                                                                              )
                                                                            )
                                                                          )
                                                                        )
                                                                      )
                                                                    )
                                                                  )
                                                                  )
                                                                )
                                                              )
                                                            )
                                                          )
                                                        )
                                                      )
                                                    )
                                                  )
                                                )
                                                )
                                              )
                                            )
                                          )
                                        )
                                      )
                                    )
                                  )
                                )
                              )
                              )
                            )
                          )
                        )
                      )
                    )
                  )
                )
              )
            )
          )
          ;
        )
        statement (
          variable_statement (
            variable_decl (
              var
              var_2
            )
            =
            expression (
              relational_expression (
                shift_expression (
                  additive_expression (
                    multiplicative_expression (
                      unary_expression (
                        singular_expression (
                          primary_expression (
                            const_literal (
                              int_literal (
                                918007174
                              )
                            )
                          )
                        )
                      )
                    )
                  )
                )
              )
            )
          )
          ;
        )
        statement (
          if_statement (
            if
            expression (
              relational_expression (
                shift_expression (
                  additive_expression (
                    multiplicative_expression (
                      unary_expression (
                        singular_expression (
                          primary_expression (
                            (
                            expression (
                              relational_expression (
                                shift_expression (
                                  additive_expression (
                                    multiplicative_expression (
                                      unary_expression (
                                        singular_expression (
                                          primary_expression (
                                            const_literal (
                                              bool_literal (
                                                true
                                              )
                                            )
                                          )
                                        )
                                      )
                                    )
                                  )
                                )
                              )
                            )
                            )
                          )
                        )
                      )
                    )
                  )
                )
              )
            )
            compound_statement (
              {
              statement (
                if_statement (
                  if
                  expression (
                    relational_expression (
                      shift_expression (
                        additive_expression (
                          multiplicative_expression (
                            unary_expression (
                              singular_expression (
                                primary_expression (
                                  (
                                  expression (
                                    relational_expression (
                                      shift_expression (
                                        additive_expression (
                                          multiplicative_expression (
                                            unary_expression (
                                              singular_expression (
                                                primary_expression (
                                                  const_literal (
                                                    bool_literal (
                                                      true
                                                    )
                                                  )
                                                )
                                              )
                                            )
                                          )
                                        )
                                      )
                                    )
                                  )
                                  )
                                )
                              )
                            )
                          )
                        )
                      )
                    )
                  )
                  compound_statement (
                    {
                    statement (
                      assignment_statement (
                        lhs_expression (
                          core_lhs_expression (
                            var_2
                          )
                        )
                        =
                        expression (
                          relational_expression (
                            shift_expression (
                              additive_expression (
                                multiplicative_expression (
                                  unary_expression (
                                    -
                                    unary_expression (
                                      singular_expression (
                                        primary_expression (
                                          (
                                          expression (
                                            relational_expression (
                                              shift_expression (
                                                additive_expression (
                                                  multiplicative_expression (
                                                    unary_expression (
                                                      -
                                                      unary_expression (
                                                        singular_expression (
                                                          primary_expression (
                                                            const_literal (
                                                              int_literal (
                                                                1075723491
                                                              )
                                                            )
                                                          )
                                                        )
                                                      )
                                                    )
                                                  )
                                                )
                                              )
                                            )
                                          )
                                          )
                                        )
                                      )
                                    )
                                  )
                                )
                              )
                            )
                          )
                        )
                      )
                      ;
                    )
                    }
                  )
                )
              )
              }
            )
          )
        )
        statement (
          assignment_statement (
            lhs_expression (
              core_lhs_expression (
                var_2
              )
            )
            =
            expression (
              relational_expression (
                shift_expression (
                  additive_expression (
                    multiplicative_expression (
                      unary_expression (
                        -
                        unary_expression (
                          singular_expression (
                            primary_expression (
                              const_literal (
                                int_literal (
                                  1016159679
                                )
                              )
                            )
                          )
                        )
                      )
                    )
                  )
                )
              )
            )
          )
          ;
        )
        statement (
          variable_statement (
            let
            var_3
            =
            expression (
              relational_expression (
                shift_expression (
                  additive_expression (
                    additive_expression (
                      multiplicative_expression (
                        unary_expression (
                          singular_expression (
                            primary_expression (
                              (
                              expression (
                                relational_expression (
                                  shift_expression (
                                    additive_expression (
                                      multiplicative_expression (
                                        multiplicative_expression (
                                          unary_expression (
                                            singular_expression (
                                              primary_expression (
                                                (
                                                expression (
                                                  relational_expression (
                                                    shift_expression (
                                                      additive_expression (
                                                        multiplicative_expression (
                                                          unary_expression (
                                                            singular_expression (
                                                              primary_expression (
                                                                var_1
                                                              )
                                                            )
                                                          )
                                                        )
                                                      )
                                                    )
                                                  )
                                                )
                                                )
                                              )
                                            )
                                          )
                                        )
                                        %
                                        unary_expression (
                                          singular_expression (
                                            primary_expression (
                                              (
                                              expression (
                                                relational_expression (
                                                  shift_expression (
                                                    additive_expression (
                                                      multiplicative_expression (
                                                        unary_expression (
                                                          ~
                                                          unary_expression (
                                                            singular_expression (
                                                              primary_expression (
                                                                (
                                                                expression (
                                                                  relational_expression (
                                                                    shift_expression (
                                                                      additive_expression (
                                                                        multiplicative_expression (
                                                                          unary_expression (
                                                                            singular_expression (
                                                                              primary_expression (
                                                                                callable_val (
                                                                                  type_decl_without_ident (
                                                                                    vec_prefix (
                                                                                      vec2
                                                                                    )
                                                                                    <
                                                                                    type_decl (
                                                                                      type_decl_without_ident (
                                                                                        i32
                                                                                      )
                                                                                    )
                                                                                    >
                                                                                  )
                                                                                )
                                                                                argument_expression_list (
                                                                                  (
                                                                                  expression (
                                                                                    relational_expression (
                                                                                      shift_expression (
                                                                                        additive_expression (
                                                                                          multiplicative_expression (
                                                                                            unary_expression (
                                                                                              singular_expression (
                                                                                                primary_expression (
                                                                                                  const_literal (
                                                                                                    int_literal (
                                                                                                      2065972074
                                                                                                    )
                                                                                                  )
                                                                                                )
                                                                                              )
                                                                                            )
                                                                                          )
                                                                                        )
                                                                                      )
                                                                                    )
                                                                                  )
                                                                                  ,
                                                                                  expression (
                                                                                    relational_expression (
                                                                                      shift_expression (
                                                                                        additive_expression (
                                                                                          multiplicative_expression (
                                                                                            unary_expression (
                                                                                              -
                                                                                              unary_expression (
                                                                                                singular_expression (
                                                                                                  primary_expression (
                                                                                                    const_literal (
                                                                                                      int_literal (
                                                                                                        2062616943
                                                                                                      )
                                                                                                    )
                                                                                                  )
                                                                                                )
                                                                                              )
                                                                                            )
                                                                                          )
                                                                                        )
                                                                                      )
                                                                                    )
                                                                                  )
                                                                                  )
                                                                                )
                                                                              )
                                                                            )
                                                                          )
                                                                        )
                                                                      )
                                                                    )
                                                                  )
                                                                )
                                                                )
                                                              )
                                                            )
                                                          )
                                                        )
                                                      )
                                                    )
                                                  )
                                                )
                                              )
                                              )
                                            )
                                          )
                                        )
                                      )
                                    )
                                  )
                                )
                              )
                              )
                            )
                          )
                        )
                      )
                    )
                    -
                    multiplicative_expression (
                      unary_expression (
                        singular_expression (
                          primary_expression (
                            (
                            expression (
                              relational_expression (
                                shift_expression (
                                  additive_expression (
                                    multiplicative_expression (
                                      unary_expression (
                                        ~
                                        unary_expression (
                                          singular_expression (
                                            primary_expression (
                                              (
                                              expression (
                                                relational_expression (
                                                  shift_expression (
                                                    additive_expression (
                                                      multiplicative_expression (
                                                        unary_expression (
                                                          singular_expression (
                                                            primary_expression (
                                                              var_0
                                                            )
                                                          )
                                                        )
                                                      )
                                                    )
                                                  )
                                                )
                                              )
                                              )
                                            )
                                          )
                                        )
                                      )
                                    )
                                  )
                                )
                              )
                            )
                            )
                          )
                        )
                      )
                    )
                  )
                )
              )
            )
          )
          ;
        )
        statement (
          variable_statement (
            variable_decl (
              var
              var_4
            )
            =
            expression (
              relational_expression (
                shift_expression (
                  additive_expression (
                    multiplicative_expression (
                      unary_expression (
                        -
                        unary_expression (
                          singular_expression (
                            primary_expression (
                              (
                              expression (
                                binary_or_expression (
                                  unary_expression (
                                    singular_expression (
                                      primary_expression (
                                        (
                                        expression (
                                          relational_expression (
                                            shift_expression (
                                              additive_expression (
                                                multiplicative_expression (
                                                  unary_expression (
                                                    singular_expression (
                                                      primary_expression (
                                                        var_2
                                                      )
                                                    )
                                                  )
                                                )
                                              )
                                            )
                                          )
                                        )
                                        )
                                      )
                                    )
                                  )
                                )
                                |
                                unary_expression (
                                  singular_expression (
                                    primary_expression (
                                      (
                                      expression (
                                        relational_expression (
                                          shift_expression (
                                            additive_expression (
                                              multiplicative_expression (
                                                unary_expression (
                                                  -
                                                  unary_expression (
                                                    singular_expression (
                                                      primary_expression (
                                                        (
                                                        expression (
                                                          relational_expression (
                                                            shift_expression (
                                                              additive_expression (
                                                                multiplicative_expression (
                                                                  unary_expression (
                                                                    ~
                                                                    unary_expression (
                                                                      singular_expression (
                                                                        primary_expression (
                                                                          (
                                                                          expression (
                                                                            relational_expression (
                                                                              shift_expression (
                                                                                additive_expression (
                                                                                  multiplicative_expression (
                                                                                    unary_expression (
                                                                                      singular_expression (
                                                                                        primary_expression (
                                                                                          var_2
                                                                                        )
                                                                                      )
                                                                                    )
                                                                                  )
                                                                                )
                                                                              )
                                                                            )
                                                                          )
                                                                          )
                                                                        )
                                                                      )
                                                                    )
                                                                  )
                                                                )
                                                              )
                                                            )
                                                          )
                                                        )
                                                        )
                                                      )
                                                    )
                                                  )
                                                )
                                              )
                                            )
                                          )
                                        )
                                      )
                                      )
                                    )
                                  )
                                )
                              )
                              )
                            )
                          )
                        )
                      )
                    )
                  )
                )
              )
            )
          )
          ;
        )
        statement (
          assignment_statement (
            lhs_expression (
              core_lhs_expression (
                var_2
              )
            )
            =
            expression (
              relational_expression (
                shift_expression (
                  additive_expression (
                    additive_expression (
                      multiplicative_expression (
                        unary_expression (
                          singular_expression (
                            primary_expression (
                              (
                              expression (
                                relational_expression (
                                  shift_expression (
                                    additive_expression (
                                      multiplicative_expression (
                                        unary_expression (
                                          singular_expression (
                                            primary_expression (
                                              var_4
                                            )
                                          )
                                        )
                                      )
                                    )
                                  )
                                )
                              )
                              )
                            )
                          )
                        )
                      )
                    )
                    -
                    multiplicative_expression (
                      unary_expression (
                        singular_expression (
                          primary_expression (
                            (
                            expression (
                              relational_expression (
                                shift_expression (
                                  additive_expression (
                                    multiplicative_expression (
                                      unary_expression (
                                        singular_expression (
                                          primary_expression (
                                            var_2
                                          )
                                        )
                                      )
                                    )
                                  )
                                )
                              )
                            )
                            )
                          )
                        )
                      )
                    )
                  )
                )
              )
            )
          )
          ;
        )
        statement (
          variable_statement (
            variable_decl (
              var
              var_5
            )
            =
            expression (
              relational_expression (
                shift_expression (
                  additive_expression (
                    multiplicative_expression (
                      unary_expression (
                        singular_expression (
                          primary_expression (
                            callable_val (
                              type_decl_without_ident (
                                vec_prefix (
                                  vec2
                                )
                                <
                                type_decl (
                                  type_decl_without_ident (
                                    i32
                                  )
                                )
                                >
                              )
                            )
                            argument_expression_list (
                              (
                              expression (
                                relational_expression (
                                  shift_expression (
                                    additive_expression (
                                      multiplicative_expression (
                                        unary_expression (
                                          singular_expression (
                                            primary_expression (
                                              var_4
                                            )
                                          )
                                        )
                                      )
                                    )
                                  )
                                )
                              )
                              ,
                              expression (
                                relational_expression (
                                  shift_expression (
                                    additive_expression (
                                      multiplicative_expression (
                                        unary_expression (
                                          singular_expression (
                                            primary_expression (
                                              const_literal (
                                                int_literal (
                                                  632992769
                                                )
                                              )
                                            )
                                          )
                                        )
                                      )
                                    )
                                  )
                                )
                              )
                              )
                            )
                          )
                        )
                      )
                    )
                  )
                )
              )
            )
          )
          ;
        )
        statement (
          compound_statement (
            {
            statement (
              compound_statement (
                {
                statement (
                  assignment_statement (
                    lhs_expression (
                      core_lhs_expression (
                        var_2
                      )
                    )
                    =
                    expression (
                      relational_expression (
                        shift_expression (
                          additive_expression (
                            multiplicative_expression (
                              unary_expression (
                                singular_expression (
                                  primary_expression (
                                    var_4
                                  )
                                )
                              )
                            )
                          )
                        )
                      )
                    )
                  )
                  ;
                )
                }
              )
            )
            }
          )
        )
        statement (
          variable_statement (
            let
            var_6
            =
            expression (
              relational_expression (
                shift_expression (
                  additive_expression (
                    multiplicative_expression (
                      unary_expression (
                        singular_expression (
                          primary_expression (
                            (
                            expression (
                              relational_expression (
                                shift_expression (
                                  additive_expression (
                                    multiplicative_expression (
                                      multiplicative_expression (
                                        unary_expression (
                                          singular_expression (
                                            primary_expression (
                                              (
                                              expression (
                                                relational_expression (
                                                  shift_expression (
                                                    additive_expression (
                                                      multiplicative_expression (
                                                        unary_expression (
                                                          singular_expression (
                                                            primary_expression (
                                                              const_literal (
                                                                int_literal (
                                                                  840502795
                                                                )
                                                              )
                                                            )
                                                          )
                                                        )
                                                      )
                                                    )
                                                  )
                                                )
                                              )
                                              )
                                            )
                                          )
                                        )
                                      )
                                      %
                                      unary_expression (
                                        singular_expression (
                                          primary_expression (
                                            (
                                            expression (
                                              relational_expression (
                                                shift_expression (
                                                  additive_expression (
                                                    multiplicative_expression (
                                                      unary_expression (
                                                        -
                                                        unary_expression (
                                                          singular_expression (
                                                            primary_expression (
                                                              const_literal (
                                                                int_literal (
                                                                  624860520
                                                                )
                                                              )
                                                            )
                                                          )
                                                        )
                                                      )
                                                    )
                                                  )
                                                )
                                              )
                                            )
                                            )
                                          )
                                        )
                                      )
                                    )
                                  )
                                )
                              )
                            )
                            )
                          )
                        )
                      )
                    )
                  )
                )
                >=
                shift_expression (
                  additive_expression (
                    multiplicative_expression (
                      unary_expression (
                        singular_expression (
                          primary_expression (
                            (
                            expression (
                              relational_expression (
                                shift_expression (
                                  additive_expression (
                                    multiplicative_expression (
                                      unary_expression (
                                        -
                                        unary_expression (
                                          singular_expression (
                                            primary_expression (
                                              (
                                              expression (
                                                relational_expression (
                                                  shift_expression (
                                                    additive_expression (
                                                      multiplicative_expression (
                                                        unary_expression (
                                                          singular_expression (
                                                            primary_expression (
                                                              var_4
                                                            )
                                                          )
                                                        )
                                                      )
                                                    )
                                                  )
                                                )
                                              )
                                              )
                                            )
                                          )
                                        )
                                      )
                                    )
                                  )
                                )
                              )
                            )
                            )
                          )
                        )
                      )
                    )
                  )
                )
              )
            )
          )
          ;
        )
        statement (
          assignment_statement (
            lhs_expression (
              core_lhs_expression (
                output
              )
              postfix_expression (
                .
                data
                postfix_expression (
                  [
                  expression (
                    relational_expression (
                      shift_expression (
                        additive_expression (
                          multiplicative_expression (
                            unary_expression (
                              singular_expression (
                                primary_expression (
                                  const_literal (
                                    int_literal (
                                      0u
                                    )
                                  )
                                )
                              )
                            )
                          )
                        )
                      )
                    )
                  )
                  ]
                )
              )
            )
            =
            expression (
              relational_expression (
                shift_expression (
                  additive_expression (
                    multiplicative_expression (
                      unary_expression (
                        ~
                        unary_expression (
                          singular_expression (
                            primary_expression (
                              (
                              expression (
                                relational_expression (
                                  shift_expression (
                                    additive_expression (
                                      multiplicative_expression (
                                        unary_expression (
                                          ~
                                          unary_expression (
                                            singular_expression (
                                              primary_expression (
                                                (
                                                expression (
                                                  relational_expression (
                                                    shift_expression (
                                                      shift_expression (
                                                        additive_expression (
                                                          multiplicative_expression (
                                                            unary_expression (
                                                              singular_expression (
                                                                primary_expression (
                                                                  (
                                                                  expression (
                                                                    relational_expression (
                                                                      shift_expression (
                                                                        additive_expression (
                                                                          multiplicative_expression (
                                                                            unary_expression (
                                                                              singular_expression (
                                                                                primary_expression (
                                                                                  const_literal (
                                                                                    int_literal (
                                                                                      3623004314u
                                                                                    )
                                                                                  )
                                                                                )
                                                                              )
                                                                            )
                                                                          )
                                                                        )
                                                                      )
                                                                    )
                                                                  )
                                                                  )
                                                                )
                                                              )
                                                            )
                                                          )
                                                        )
                                                      )
                                                      <
                                                      <
                                                      additive_expression (
                                                        multiplicative_expression (
                                                          unary_expression (
                                                            singular_expression (
                                                              primary_expression (
                                                                (
                                                                expression (
                                                                  relational_expression (
                                                                    shift_expression (
                                                                      additive_expression (
                                                                        multiplicative_expression (
                                                                          unary_expression (
                                                                            ~
                                                                            unary_expression (
                                                                              singular_expression (
                                                                                primary_expression (
                                                                                  (
                                                                                  expression (
                                                                                    relational_expression (
                                                                                      shift_expression (
                                                                                        additive_expression (
                                                                                          multiplicative_expression (
                                                                                            unary_expression (
                                                                                              singular_expression (
                                                                                                primary_expression (
                                                                                                  const_literal (
                                                                                                    int_literal (
                                                                                                      1089322513u
                                                                                                    )
                                                                                                  )
                                                                                                )
                                                                                              )
                                                                                            )
                                                                                          )
                                                                                        )
                                                                                      )
                                                                                    )
                                                                                  )
                                                                                  )
                                                                                )
                                                                              )
                                                                            )
                                                                          )
                                                                        )
                                                                      )
                                                                    )
                                                                  )
                                                                )
                                                                )
                                                              )
                                                            )
                                                          )
                                                        )
                                                      )
                                                    )
                                                  )
                                                )
                                                )
                                              )
                                            )
                                          )
                                        )
                                      )
                                    )
                                  )
                                )
                              )
                              )
                            )
                          )
                        )
                      )
                    )
                  )
                )
              )
            )
          )
          ;
        )
        }
      )
    )
  )
  <EOF>
)
